// Jest Snapshot v1, https://goo.gl/fbAQLP

exports[`nodos-routing throws an error if schema is invalid 1`] = `"Routes schema is invalid"`;
