// Jest Snapshot v1, https://goo.gl/fbAQLP

exports[`nodos/new 1`] = `
Array [
  "Makefile",
  "app",
  "config",
  "package.json",
  "tests",
]
`;
