// Jest Snapshot v1, https://goo.gl/fbAQLP

exports[`nodos/new 1`] = `
Array [
  "application.js",
  "environments",
  "routes.yml",
]
`;

exports[`nodos/new 2`] = `
"{
  \\"name\\": \\"site\\",
  \\"scripts\\": {
    \\"test\\": \\"jest\\",
    \\"start\\": \\"nodos server\\",
    \\"build\\": \\"webpack -p\\"
  },
  \\"jest\\": {
    \\"testEnvironment\\": \\"@nodosjs/jest-environment\\",
    \\"testPathIgnorePatterns\\": [
      \\"/config/\\",
      \\"/node_modules/\\"
    ]
  },
  \\"dependencies\\": {
    \\"@babel/core\\": \\"^7.14.5\\",
    \\"@babel/node\\": \\"^7.14.5\\",
    \\"@babel/preset-env\\": \\"^7.14.5\\",
    \\"@nodosjs/cli\\": \\"^0.0.57\\",
    \\"@nodosjs/core\\": \\"^0.0.57\\",
    \\"@nodosjs/db-prisma-extension\\": \\"^0.0.57\\",
    \\"@nodosjs/view-extension\\": \\"^0.0.57\\",
    \\"pg\\": \\"^8.5.3\\"
  },
  \\"devDependencies\\": {
    \\"@nodosjs/jest-environment\\": \\"^0.0.57\\",
    \\"babel-jest\\": \\"^27.0.6\\",
    \\"eslint\\": \\"^7.28.0\\",
    \\"eslint-plugin-babel\\": \\"^5.3.1\\",
    \\"eslint-plugin-jest\\": \\"^24.3.6\\",
    \\"jest\\": \\"^27.0.6\\",
    \\"jest-cli\\": \\"^27.0.6\\"
  }
}
"
`;
