// Jest Snapshot v1, https://goo.gl/fbAQLP

exports[`nodos/destroy/nestedResources 1`] = `
"---

pipelines:
  browser: []

scopes:
  - name: /
    pipeline: browser
    root: true
    routes:
      - resources: posts
      - resource: order"
`;

exports[`nodos/destroy/resource 1`] = `
"---

pipelines:
  browser: []

scopes:
  - name: /
    pipeline: browser
    root: true
    routes:
      - resources: posts
      - resource: order"
`;

exports[`nodos/destroy/resources 1`] = `
"---

pipelines:
  browser: []

scopes:
  - name: /
    pipeline: browser
    root: true
    routes:
      - resources: posts
      - resource: order"
`;
