// Jest Snapshot v1, https://goo.gl/fbAQLP

exports[`check cli 1`] = `""`;

exports[`check cli 2`] = `""`;

exports[`check cli 3`] = `""`;
