// Jest Snapshot v1, https://goo.gl/fbAQLP

exports[`nodos/bin/routes return valid presentation when no routes defined 1`] = `
"You don't have any routes defined!

Please add some routes in config/routes.yml."
`;

exports[`nodos/bin/routes return valid routes presentation 1`] = `
"Name                Verb   URI Pattern                             Pipeline
apiUsers            GET    /api/users                              browser 
buildApiUser        GET    /api/users/build                        browser 
apiUsers            POST   /api/users                              browser 
apiUser             GET    /api/users/:id                          browser 
editApiUser         GET    /api/users/:id/edit                     browser 
apiUser             PATCH  /api/users/:id                          browser 
apiUser             PUT    /api/users/:id                          browser 
apiUser             DELETE /api/users/:id                          browser 
users               GET    /users                                  browser 
buildUser           GET    /users/build                            browser 
users               POST   /users                                  browser 
user                GET    /users/:id                              browser 
editUser            GET    /users/:id/edit                         browser 
user                PATCH  /users/:id                              browser 
user                PUT    /users/:id                              browser 
user                DELETE /users/:id                              browser 
posts               GET    /posts                                  browser 
buildPost           GET    /posts/build                            browser 
posts               POST   /posts                                  browser 
post                GET    /posts/:id                              browser 
editPost            GET    /posts/:id/edit                         browser 
post                PATCH  /posts/:id                              browser 
post                PUT    /posts/:id                              browser 
post                DELETE /posts/:id                              browser 
buildSession        GET    /session/build                          browser 
sessions            POST   /session                                browser 
session             GET    /session                                browser 
editSession         GET    /session/edit                           browser 
session             PATCH  /session                                browser 
session             PUT    /session                                browser 
session             DELETE /session                                browser 
articles            GET    /articles                               browser 
buildArticle        GET    /articles/build                         browser 
articles            POST   /articles                               browser 
article             GET    /articles/:id                           browser 
editArticle         GET    /articles/:id/edit                      browser 
article             PATCH  /articles/:id                           browser 
article             PUT    /articles/:id                           browser 
article             DELETE /articles/:id                           browser 
articleComments     GET    /articles/:article_id/comments          browser 
buildArticleComment GET    /articles/:article_id/comments/build    browser 
articleComments     POST   /articles/:article_id/comments          browser 
articleComment      GET    /articles/:article_id/comments/:id      browser 
editArticleComment  GET    /articles/:article_id/comments/:id/edit browser 
articleComment      PATCH  /articles/:article_id/comments/:id      browser 
articleComment      PUT    /articles/:article_id/comments/:id      browser 
articleComment      DELETE /articles/:article_id/comments/:id      browser "
`;
